1.Agregar Huesped.
2.Agregar Habitacion.
3.Obtener Huespedes.
4.Obtener Habitaciones.
5.Registrar Reserva.
6.Obtener Reserva.
7.Salir.

1>1.Agregar Huesped.
Ingrese el nombre(sin espacios)
Ingrese el email
Es Finger? 1-Si 0-No
1.Agregar Huesped.
2.Agregar Habitacion.
3.Obtener Huespedes.
4.Obtener Habitaciones.
5.Registrar Reserva.
6.Obtener Reserva.
7.Salir.

2>1.Agregar Huesped.
Ingrese el nombre(sin espacios)
Ingrese el email
Es Finger? 1-Si 0-No
1.Agregar Huesped.
2.Agregar Habitacion.
3.Obtener Huespedes.
4.Obtener Habitaciones.
5.Registrar Reserva.
6.Obtener Reserva.
7.Salir.

3>2.Agregar Habitacion.
Ingrese el numero
Ingrese el precio
Ingrese la capacidad
1.Agregar Huesped.
2.Agregar Habitacion.
3.Obtener Huespedes.
4.Obtener Habitaciones.
5.Registrar Reserva.
6.Obtener Reserva.
7.Salir.

4>5.Registrar Reserva.
Ingrese email del huesped principal: Habitacion: Ingrese codigo: Ingrese fecha de entrada (DD/MM/AAAA): stoi1.Agregar Huesped.
2.Agregar Habitacion.
3.Obtener Huespedes.
4.Obtener Habitaciones.
5.Registrar Reserva.
6.Obtener Reserva.
7.Salir.

5>Comando no reconocido.
1.Agregar Huesped.
2.Agregar Habitacion.
3.Obtener Huespedes.
4.Obtener Habitaciones.
5.Registrar Reserva.
6.Obtener Reserva.
7.Salir.

6>2.Agregar Habitacion.
Ingrese el numero
Ingrese el precio
Ingrese la capacidad
Ya existe una habitación con el número indicado1.Agregar Huesped.
2.Agregar Habitacion.
3.Obtener Huespedes.
4.Obtener Habitaciones.
5.Registrar Reserva.
6.Obtener Reserva.
7.Salir.

7>Fin.
7.Salir.
